\BOOKMARK [0][-]{chapter.1}{\376\377\000I\000n\000t\000r\000o\000d\000u\000c\000t\000i\000o\000n\000\040\000G\000e\000n\000e\000r\000a\000l\000e}{}% 1
\BOOKMARK [1][-]{section.1.1}{\376\377\000Q\000u\000'\000e\000s\000t\000-\000c\000e\000\040\000q\000u\000'\000u\000n\000e\000\040\000A\000p\000p\000l\000i\000c\000a\000t\000i\000o\000n\000\040\000W\000e\000b\000\040\000?}{chapter.1}% 2
\BOOKMARK [2][-]{subsection.1.1.1}{\376\377\000A\000r\000c\000h\000i\000t\000e\000c\000t\000u\000r\000e\000\040\000C\000l\000i\000e\000n\000t\000-\000S\000e\000r\000v\000e\000u\000r}{section.1.1}% 3
\BOOKMARK [1][-]{section.1.2}{\376\377\000Q\000u\000'\000e\000s\000t\000-\000c\000e\000\040\000q\000u\000'\000u\000n\000e\000\040\000A\000P\000I\000\040\000?}{chapter.1}% 4
\BOOKMARK [1][-]{section.1.3}{\376\377\000P\000o\000u\000r\000q\000u\000o\000i\000\040\000u\000n\000\040\000B\000l\000o\000g\000\040\000e\000s\000t\000\040\000u\000n\000\040\000P\000r\000o\000j\000e\000t\000\040\000P\000e\000d\000a\000g\000o\000g\000i\000q\000u\000e\000\040\000I\000d\000e\000a\000l\000\040\000?}{chapter.1}% 5
\BOOKMARK [1][-]{section.1.4}{\376\377\000A\000r\000c\000h\000i\000t\000e\000c\000t\000u\000r\000e\000\040\000C\000o\000m\000p\000l\000e\000t\000e\000\040\000d\000u\000\040\000P\000r\000o\000j\000e\000t}{chapter.1}% 6
\BOOKMARK [2][-]{subsection.1.4.1}{\376\377\000E\000x\000p\000l\000i\000c\000a\000t\000i\000o\000n\000\040\000d\000u\000\040\000d\000i\000a\000g\000r\000a\000m\000m\000e}{section.1.4}% 7
\BOOKMARK [2][-]{subsection.1.4.2}{\376\377\000P\000o\000u\000r\000q\000u\000o\000i\000\040\000u\000n\000e\000\040\000t\000a\000b\000l\000e\000\040\000b\000l\000o\000g\000\137\000t\000a\000g\000s\000\040\000?}{section.1.4}% 8
\BOOKMARK [0][-]{chapter.2}{\376\377\000I\000n\000i\000t\000i\000a\000l\000i\000s\000a\000t\000i\000o\000n\000\040\000d\000u\000\040\000P\000r\000o\000j\000e\000t\000\040\000N\000o\000d\000e\000.\000j\000s}{}% 9
\BOOKMARK [1][-]{section.2.1}{\376\377\000I\000n\000s\000t\000a\000l\000l\000a\000t\000i\000o\000n\000\040\000d\000e\000\040\000N\000o\000d\000e\000.\000j\000s}{chapter.2}% 10
\BOOKMARK [2][-]{subsection.2.1.1}{\376\377\000V\000e\000r\000i\000f\000i\000c\000a\000t\000i\000o\000n\000\040\000d\000e\000\040\000l\000'\000I\000n\000s\000t\000a\000l\000l\000a\000t\000i\000o\000n}{section.2.1}% 11
\BOOKMARK [1][-]{section.2.2}{\376\377\000C\000r\000e\000a\000t\000i\000o\000n\000\040\000d\000u\000\040\000D\000o\000s\000s\000i\000e\000r\000\040\000d\000u\000\040\000P\000r\000o\000j\000e\000t}{chapter.2}% 12
\BOOKMARK [1][-]{section.2.3}{\376\377\000I\000n\000i\000t\000i\000a\000l\000i\000s\000a\000t\000i\000o\000n\000\040\000a\000v\000e\000c\000\040\000n\000p\000m}{chapter.2}% 13
\BOOKMARK [2][-]{subsection.2.3.1}{\376\377\000S\000t\000r\000u\000c\000t\000u\000r\000e\000\040\000d\000u\000\040\000F\000i\000c\000h\000i\000e\000r\000\040\000p\000a\000c\000k\000a\000g\000e\000.\000j\000s\000o\000n}{section.2.3}% 14
\BOOKMARK [2][-]{subsection.2.3.2}{\376\377\000V\000e\000r\000s\000i\000o\000n\000i\000n\000g\000\040\000S\000e\000m\000a\000n\000t\000i\000q\000u\000e\000\040\000\050\000S\000e\000m\000V\000e\000r\000\051}{section.2.3}% 15
\BOOKMARK [1][-]{section.2.4}{\376\377\000S\000t\000r\000u\000c\000t\000u\000r\000e\000\040\000P\000r\000o\000f\000e\000s\000s\000i\000o\000n\000n\000e\000l\000l\000e\000\040\000d\000u\000\040\000P\000r\000o\000j\000e\000t}{chapter.2}% 16
\BOOKMARK [0][-]{chapter.3}{\376\377\000I\000n\000s\000t\000a\000l\000l\000a\000t\000i\000o\000n\000\040\000d\000e\000s\000\040\000D\000e\000p\000e\000n\000d\000a\000n\000c\000e\000s}{}% 17
\BOOKMARK [1][-]{section.3.1}{\376\377\000I\000n\000t\000r\000o\000d\000u\000c\000t\000i\000o\000n\000\040\000a\000u\000x\000\040\000D\000e\000p\000e\000n\000d\000a\000n\000c\000e\000s}{chapter.3}% 18
\BOOKMARK [1][-]{section.3.2}{\376\377\000E\000x\000p\000r\000e\000s\000s\000\040\000-\000\040\000F\000r\000a\000m\000e\000w\000o\000r\000k\000\040\000W\000e\000b}{chapter.3}% 19
\BOOKMARK [1][-]{section.3.3}{\376\377\000p\000g\000\040\000-\000\040\000D\000r\000i\000v\000e\000r\000\040\000P\000o\000s\000t\000g\000r\000e\000S\000Q\000L}{chapter.3}% 20
\BOOKMARK [1][-]{section.3.4}{\376\377\000b\000c\000r\000y\000p\000t\000\040\000-\000\040\000H\000a\000c\000h\000a\000g\000e\000\040\000d\000e\000\040\000M\000o\000t\000s\000\040\000d\000e\000\040\000P\000a\000s\000s\000e}{chapter.3}% 21
\BOOKMARK [1][-]{section.3.5}{\376\377\000j\000s\000o\000n\000w\000e\000b\000t\000o\000k\000e\000n\000\040\000-\000\040\000A\000u\000t\000h\000e\000n\000t\000i\000f\000i\000c\000a\000t\000i\000o\000n\000\040\000J\000W\000T}{chapter.3}% 22
\BOOKMARK [1][-]{section.3.6}{\376\377\000d\000o\000t\000e\000n\000v\000\040\000-\000\040\000G\000e\000s\000t\000i\000o\000n\000\040\000d\000e\000s\000\040\000V\000a\000r\000i\000a\000b\000l\000e\000s\000\040\000d\000'\000E\000n\000v\000i\000r\000o\000n\000n\000e\000m\000e\000n\000t}{chapter.3}% 23
\BOOKMARK [1][-]{section.3.7}{\376\377\000c\000o\000r\000s\000\040\000-\000\040\000P\000a\000r\000t\000a\000g\000e\000\040\000d\000e\000\040\000R\000e\000s\000s\000o\000u\000r\000c\000e\000s\000\040\000C\000r\000o\000s\000s\000-\000O\000r\000i\000g\000i\000n}{chapter.3}% 24
\BOOKMARK [1][-]{section.3.8}{\376\377\000n\000o\000d\000e\000m\000o\000n\000\040\000-\000\040\000R\000e\000d\000e\000m\000a\000r\000r\000a\000g\000e\000\040\000A\000u\000t\000o\000m\000a\000t\000i\000q\000u\000e}{chapter.3}% 25
\BOOKMARK [1][-]{section.3.9}{\376\377\000C\000o\000n\000f\000i\000g\000u\000r\000a\000t\000i\000o\000n\000\040\000d\000e\000s\000\040\000S\000c\000r\000i\000p\000t\000s}{chapter.3}% 26
\BOOKMARK [1][-]{section.3.10}{\376\377\000E\000r\000r\000e\000u\000r\000\040\000C\000o\000u\000r\000a\000n\000t\000e\000\040\000:\000\040\000M\000o\000d\000u\000l\000e\000\040\000N\000o\000n\000\040\000T\000r\000o\000u\000v\000e}{chapter.3}% 27
\BOOKMARK [1][-]{section.3.11}{\376\377\000L\000e\000\040\000D\000o\000s\000s\000i\000e\000r\000\040\000n\000o\000d\000e\000\137\000m\000o\000d\000u\000l\000e\000s}{chapter.3}% 28
\BOOKMARK [1][-]{section.3.12}{\376\377\000p\000a\000c\000k\000a\000g\000e\000-\000l\000o\000c\000k\000.\000j\000s\000o\000n}{chapter.3}% 29
\BOOKMARK [0][-]{chapter.4}{\376\377\000C\000o\000n\000f\000i\000g\000u\000r\000a\000t\000i\000o\000n\000\040\000d\000u\000\040\000S\000e\000r\000v\000e\000u\000r\000\040\000E\000x\000p\000r\000e\000s\000s}{}% 30
\BOOKMARK [1][-]{section.4.1}{\376\377\000I\000n\000t\000r\000o\000d\000u\000c\000t\000i\000o\000n\000\040\000a\000\040\000E\000x\000p\000r\000e\000s\000s}{chapter.4}% 31
\BOOKMARK [1][-]{section.4.2}{\376\377\000C\000r\000e\000a\000t\000i\000o\000n\000\040\000d\000u\000\040\000F\000i\000c\000h\000i\000e\000r\000\040\000s\000e\000r\000v\000e\000r\000.\000j\000s}{chapter.4}% 32
\BOOKMARK [1][-]{section.4.3}{\376\377\000E\000x\000p\000l\000i\000c\000a\000t\000i\000o\000n\000\040\000D\000e\000t\000a\000i\000l\000l\000e\000e\000\040\000d\000u\000\040\000C\000o\000d\000e}{chapter.4}% 33
\BOOKMARK [2][-]{subsection.4.3.1}{\376\377\000I\000m\000p\000o\000r\000t\000a\000t\000i\000o\000n\000\040\000d\000e\000s\000\040\000D\000e\000p\000e\000n\000d\000a\000n\000c\000e\000s}{section.4.3}% 34
\BOOKMARK [2][-]{subsection.4.3.2}{\376\377\000I\000n\000i\000t\000i\000a\000l\000i\000s\000a\000t\000i\000o\000n\000\040\000d\000e\000\040\000l\000'\000A\000p\000p\000l\000i\000c\000a\000t\000i\000o\000n}{section.4.3}% 35
\BOOKMARK [2][-]{subsection.4.3.3}{\376\377\000L\000e\000s\000\040\000M\000i\000d\000d\000l\000e\000w\000a\000r\000e\000s}{section.4.3}% 36
\BOOKMARK [2][-]{subsection.4.3.4}{\376\377\000e\000x\000p\000r\000e\000s\000s\000.\000j\000s\000o\000n\000\050\000\051}{section.4.3}% 37
\BOOKMARK [2][-]{subsection.4.3.5}{\376\377\000e\000x\000p\000r\000e\000s\000s\000.\000s\000t\000a\000t\000i\000c\000\050\000\051}{section.4.3}% 38
\BOOKMARK [2][-]{subsection.4.3.6}{\376\377\000D\000e\000f\000i\000n\000i\000t\000i\000o\000n\000\040\000d\000e\000s\000\040\000R\000o\000u\000t\000e\000s}{section.4.3}% 39
\BOOKMARK [2][-]{subsection.4.3.7}{\376\377\000G\000e\000s\000t\000i\000o\000n\000\040\000d\000e\000s\000\040\000E\000r\000r\000e\000u\000r\000s}{section.4.3}% 40
\BOOKMARK [2][-]{subsection.4.3.8}{\376\377\000D\000e\000m\000a\000r\000r\000a\000g\000e\000\040\000d\000u\000\040\000S\000e\000r\000v\000e\000u\000r}{section.4.3}% 41
\BOOKMARK [1][-]{section.4.4}{\376\377\000C\000y\000c\000l\000e\000\040\000d\000e\000\040\000V\000i\000e\000\040\000d\000'\000u\000n\000e\000\040\000R\000e\000q\000u\000e\000t\000e}{chapter.4}% 42
\BOOKMARK [1][-]{section.4.5}{\376\377\000P\000o\000r\000t\000s\000\040\000H\000T\000T\000P}{chapter.4}% 43
\BOOKMARK [0][-]{chapter.5}{\376\377\000B\000a\000s\000e\000\040\000d\000e\000\040\000D\000o\000n\000n\000e\000e\000s\000\040\000P\000o\000s\000t\000g\000r\000e\000S\000Q\000L}{}% 44
\BOOKMARK [1][-]{section.5.1}{\376\377\000I\000n\000t\000r\000o\000d\000u\000c\000t\000i\000o\000n\000\040\000a\000u\000x\000\040\000B\000a\000s\000e\000s\000\040\000d\000e\000\040\000D\000o\000n\000n\000e\000e\000s\000\040\000R\000e\000l\000a\000t\000i\000o\000n\000n\000e\000l\000l\000e\000s}{chapter.5}% 45
\BOOKMARK [1][-]{section.5.2}{\376\377\000C\000o\000n\000c\000e\000p\000t\000s\000\040\000F\000o\000n\000d\000a\000m\000e\000n\000t\000a\000u\000x}{chapter.5}% 46
\BOOKMARK [2][-]{subsection.5.2.1}{\376\377\000T\000a\000b\000l\000e\000s}{section.5.2}% 47
\BOOKMARK [2][-]{subsection.5.2.2}{\376\377\000L\000i\000g\000n\000e\000s\000\040\000\050\000R\000o\000w\000s\000\051}{section.5.2}% 48
\BOOKMARK [2][-]{subsection.5.2.3}{\376\377\000C\000o\000l\000o\000n\000n\000e\000s\000\040\000\050\000C\000o\000l\000u\000m\000n\000s\000\051}{section.5.2}% 49
\BOOKMARK [2][-]{subsection.5.2.4}{\376\377\000C\000o\000n\000t\000r\000a\000i\000n\000t\000e\000s}{section.5.2}% 50
\BOOKMARK [2][-]{subsection.5.2.5}{\376\377\000C\000l\000e\000s\000\040\000P\000r\000i\000m\000a\000i\000r\000e\000s}{section.5.2}% 51
\BOOKMARK [2][-]{subsection.5.2.6}{\376\377\000C\000l\000e\000s\000\040\000E\000t\000r\000a\000n\000g\000e\000r\000e\000s}{section.5.2}% 52
\BOOKMARK [1][-]{section.5.3}{\376\377\000P\000o\000u\000r\000q\000u\000o\000i\000\040\000P\000o\000s\000t\000g\000r\000e\000S\000Q\000L\000\040\000?}{chapter.5}% 53
\BOOKMARK [1][-]{section.5.4}{\376\377\000D\000e\000b\000a\000t\000\040\000:\000\040\000S\000E\000R\000I\000A\000L\000\040\000v\000s\000\040\000U\000U\000I\000D}{chapter.5}% 54
\BOOKMARK [2][-]{subsection.5.4.1}{\376\377\000S\000E\000R\000I\000A\000L}{section.5.4}% 55
\BOOKMARK [2][-]{subsection.5.4.2}{\376\377\000U\000U\000I\000D}{section.5.4}% 56
\BOOKMARK [1][-]{section.5.5}{\376\377\000G\000e\000n\000e\000r\000a\000t\000i\000o\000n\000\040\000d\000e\000\040\000U\000U\000I\000D\000\040\000d\000a\000n\000s\000\040\000P\000o\000s\000t\000g\000r\000e\000S\000Q\000L}{chapter.5}% 57
\BOOKMARK [0][-]{chapter.6}{\376\377\000M\000o\000d\000e\000l\000i\000s\000a\000t\000i\000o\000n\000\040\000R\000e\000l\000a\000t\000i\000o\000n\000n\000e\000l\000l\000e}{}% 58
\BOOKMARK [1][-]{section.6.1}{\376\377\000I\000n\000t\000r\000o\000d\000u\000c\000t\000i\000o\000n\000\040\000a\000\040\000l\000a\000\040\000M\000o\000d\000e\000l\000i\000s\000a\000t\000i\000o\000n}{chapter.6}% 59
\BOOKMARK [1][-]{section.6.2}{\376\377\000E\000n\000t\000i\000t\000e\000s\000\040\000d\000u\000\040\000P\000r\000o\000j\000e\000t\000\040\000B\000l\000o\000g}{chapter.6}% 60
\BOOKMARK [1][-]{section.6.3}{\376\377\000T\000y\000p\000e\000s\000\040\000d\000e\000\040\000R\000e\000l\000a\000t\000i\000o\000n\000s}{chapter.6}% 61
\BOOKMARK [2][-]{subsection.6.3.1}{\376\377\000R\000e\000l\000a\000t\000i\000o\000n\000\040\000U\000n\000-\000a\000-\000P\000l\000u\000s\000i\000e\000u\000r\000s\000\040\000\050\000O\000n\000e\000-\000t\000o\000-\000M\000a\000n\000y\000\051}{section.6.3}% 62
\BOOKMARK [2][-]{subsection.6.3.2}{\376\377\000R\000e\000l\000a\000t\000i\000o\000n\000\040\000P\000l\000u\000s\000i\000e\000u\000r\000s\000-\000a\000-\000P\000l\000u\000s\000i\000e\000u\000r\000s\000\040\000\050\000M\000a\000n\000y\000-\000t\000o\000-\000M\000a\000n\000y\000\051}{section.6.3}% 63
\BOOKMARK [1][-]{section.6.4}{\376\377\000I\000n\000t\000e\000g\000r\000i\000t\000e\000\040\000R\000e\000f\000e\000r\000e\000n\000t\000i\000e\000l\000l\000e}{chapter.6}% 64
\BOOKMARK [1][-]{section.6.5}{\376\377\000S\000c\000h\000e\000m\000a\000\040\000C\000o\000m\000p\000l\000e\000t\000\040\000d\000e\000\040\000l\000a\000\040\000B\000a\000s\000e\000\040\000d\000e\000\040\000D\000o\000n\000n\000e\000e\000s}{chapter.6}% 65
\BOOKMARK [1][-]{section.6.6}{\376\377\000D\000i\000a\000g\000r\000a\000m\000m\000e\000\040\000E\000n\000t\000i\000t\000e\000-\000A\000s\000s\000o\000c\000i\000a\000t\000i\000o\000n\000\040\000\050\000E\000R\000D\000\051}{chapter.6}% 66
\BOOKMARK [1][-]{section.6.7}{\376\377\000E\000x\000p\000l\000i\000c\000a\000t\000i\000o\000n\000\040\000d\000e\000s\000\040\000C\000o\000n\000t\000r\000a\000i\000n\000t\000e\000s}{chapter.6}% 67
\BOOKMARK [2][-]{subsection.6.7.1}{\376\377\000N\000O\000T\000\040\000N\000U\000L\000L}{section.6.7}% 68
\BOOKMARK [2][-]{subsection.6.7.2}{\376\377\000U\000N\000I\000Q\000U\000E}{section.6.7}% 69
\BOOKMARK [2][-]{subsection.6.7.3}{\376\377\000C\000H\000E\000C\000K}{section.6.7}% 70
\BOOKMARK [2][-]{subsection.6.7.4}{\376\377\000D\000E\000F\000A\000U\000L\000T}{section.6.7}% 71
\BOOKMARK [1][-]{section.6.8}{\376\377\000C\000o\000m\000p\000o\000r\000t\000e\000m\000e\000n\000t\000\040\000O\000N\000\040\000D\000E\000L\000E\000T\000E}{chapter.6}% 72
\BOOKMARK [2][-]{subsection.6.8.1}{\376\377\000C\000A\000S\000C\000A\000D\000E}{section.6.8}% 73
\BOOKMARK [2][-]{subsection.6.8.2}{\376\377\000R\000E\000S\000T\000R\000I\000C\000T}{section.6.8}% 74
\BOOKMARK [2][-]{subsection.6.8.3}{\376\377\000S\000E\000T\000\040\000N\000U\000L\000L}{section.6.8}% 75
\BOOKMARK [0][-]{chapter.7}{\376\377\000C\000o\000n\000n\000e\000x\000i\000o\000n\000\040\000N\000o\000d\000e\000.\000j\000s\000\040\041\224\000\040\000P\000o\000s\000t\000g\000r\000e\000S\000Q\000L}{}% 76
\BOOKMARK [1][-]{section.7.1}{\376\377\000I\000n\000t\000r\000o\000d\000u\000c\000t\000i\000o\000n\000\040\000a\000u\000\040\000D\000r\000i\000v\000e\000r\000\040\000p\000g}{chapter.7}% 77
\BOOKMARK [1][-]{section.7.2}{\376\377\000F\000i\000c\000h\000i\000e\000r\000\040\000d\000e\000\040\000C\000o\000n\000f\000i\000g\000u\000r\000a\000t\000i\000o\000n\000\040\000d\000b\000.\000j\000s}{chapter.7}% 78
\BOOKMARK [2][-]{subsection.7.2.1}{\376\377\000C\000r\000e\000a\000t\000i\000o\000n\000\040\000d\000e\000s\000\040\000t\000a\000b\000l\000e\000s\000\040\000P\000o\000s\000t\000g\000r\000e\000S\000Q\000L}{section.7.2}% 79
\BOOKMARK [2][-]{subsection.7.2.2}{\376\377\000P\000o\000o\000l\000\040\000d\000e\000\040\000C\000o\000n\000n\000e\000x\000i\000o\000n\000s}{section.7.2}% 80
\BOOKMARK [2][-]{subsection.7.2.3}{\376\377\000C\000o\000n\000f\000i\000g\000u\000r\000a\000t\000i\000o\000n\000\040\000d\000u\000\040\000P\000o\000o\000l}{section.7.2}% 81
\BOOKMARK [2][-]{subsection.7.2.4}{\376\377\000V\000a\000r\000i\000a\000b\000l\000e\000s\000\040\000d\000'\000E\000n\000v\000i\000r\000o\000n\000n\000e\000m\000e\000n\000t}{section.7.2}% 82
\BOOKMARK [1][-]{section.7.3}{\376\377\000E\000x\000e\000c\000u\000t\000i\000o\000n\000\040\000d\000e\000\040\000R\000e\000q\000u\000e\000t\000e\000s\000\040\000S\000Q\000L}{chapter.7}% 83
\BOOKMARK [2][-]{subsection.7.3.1}{\376\377\000R\000e\000q\000u\000e\000t\000e\000\040\000S\000i\000m\000p\000l\000e}{section.7.3}% 84
\BOOKMARK [2][-]{subsection.7.3.2}{\376\377\000R\000e\000q\000u\000e\000t\000e\000\040\000a\000v\000e\000c\000\040\000P\000a\000r\000a\000m\000e\000t\000r\000e\000s}{section.7.3}% 85
\BOOKMARK [1][-]{section.7.4}{\376\377\000E\000r\000r\000e\000u\000r\000s\000\040\000C\000o\000u\000r\000a\000n\000t\000e\000s}{chapter.7}% 86
\BOOKMARK [2][-]{subsection.7.4.1}{\376\377\000E\000C\000O\000N\000N\000R\000E\000F\000U\000S\000E\000D}{section.7.4}% 87
\BOOKMARK [2][-]{subsection.7.4.2}{\376\377\000P\000a\000s\000s\000w\000o\000r\000d\000\040\000A\000u\000t\000h\000e\000n\000t\000i\000c\000a\000t\000i\000o\000n\000\040\000F\000a\000i\000l\000e\000d}{section.7.4}% 88
\BOOKMARK [1][-]{section.7.5}{\376\377\000C\000r\000e\000a\000t\000i\000o\000n\000\040\000d\000e\000\040\000l\000a\000\040\000B\000a\000s\000e\000\040\000d\000e\000\040\000D\000o\000n\000n\000e\000e\000s}{chapter.7}% 89
\BOOKMARK [1][-]{section.7.6}{\376\377\000E\000x\000e\000c\000u\000t\000i\000o\000n\000\040\000d\000u\000\040\000S\000c\000r\000i\000p\000t\000\040\000S\000Q\000L}{chapter.7}% 90
\BOOKMARK [1][-]{section.7.7}{\376\377\000C\000o\000n\000n\000e\000x\000i\000o\000n\000\040\000\340\000\040\000P\000o\000s\000t\000g\000r\000e\000S\000Q\000L\000\040\000d\000e\000p\000u\000i\000s\000\040\000p\000g\000A\000d\000m\000i\000n\000\040\000e\000t\000\040\000N\000o\000d\000e}{chapter.7}% 91
\BOOKMARK [2][-]{subsection.7.7.1}{\376\377\000C\000o\000m\000m\000e\000n\000t\000\040\000s\000a\000v\000o\000i\000r\000\040\000/\000\040\000r\000e\000i\000n\000i\000t\000i\000a\000l\000i\000s\000e\000r\000\040\000l\000e\000\040\000m\000o\000t\000\040\000d\000e\000\040\000p\000a\000s\000s\000e\000\040\000u\000t\000i\000l\000i\000s\000e\000\040\000p\000a\000r\000\040\000p\000g\000A\000d\000m\000i\000n}{section.7.7}% 92
\BOOKMARK [2][-]{subsection.7.7.2}{\376\377\000Q\000u\000e\000l\000l\000e\000s\000\040\000i\000n\000f\000o\000r\000m\000a\000t\000i\000o\000n\000s\000\040\000e\000n\000t\000r\000e\000r\000\040\000d\000a\000n\000s\000\040\000p\000g\000A\000d\000m\000i\000n\000\040\000e\000t\000\040\000d\000a\000n\000s\000\040\000`\000.\000e\000n\000v\000`\000\040\000p\000o\000u\000r\000\040\000N\000o\000d\000e}{section.7.7}% 93
\BOOKMARK [1][-]{section.7.8}{\376\377\000A\000u\000t\000h\000e\000n\000t\000i\000f\000i\000c\000a\000t\000i\000o\000n\000\040\000:\000\040\000A\000c\000c\000e\000s\000s\000\040\000t\000o\000k\000e\000n\000\040\000e\000t\000\040\000R\000e\000f\000r\000e\000s\000h\000\040\000t\000o\000k\000e\000n}{chapter.7}% 94
\BOOKMARK [0][-]{chapter.8}{\376\377\000S\000e\000c\000u\000r\000i\000t\000e\000\040\000d\000e\000s\000\040\000M\000o\000t\000s\000\040\000d\000e\000\040\000P\000a\000s\000s\000e\000\040\040\024\000\040\000B\000c\000r\000y\000p\000t}{}% 95
\BOOKMARK [1][-]{section.8.1}{\376\377\000I\000n\000t\000r\000o\000d\000u\000c\000t\000i\000o\000n\000\040\000a\000\040\000l\000a\000\040\000S\000e\000c\000u\000r\000i\000t\000e\000\040\000d\000e\000s\000\040\000M\000o\000t\000s\000\040\000d\000e\000\040\000P\000a\000s\000s\000e}{chapter.8}% 96
\BOOKMARK [1][-]{section.8.2}{\376\377\000P\000o\000u\000r\000q\000u\000o\000i\000\040\000N\000e\000\040\000P\000a\000s\000\040\000S\000t\000o\000c\000k\000e\000r\000\040\000l\000e\000s\000\040\000M\000o\000t\000s\000\040\000d\000e\000\040\000P\000a\000s\000s\000e\000\040\000e\000n\000\040\000C\000l\000a\000i\000r\000\040\000?}{chapter.8}% 97
\BOOKMARK [1][-]{section.8.3}{\376\377\000H\000a\000c\000h\000a\000g\000e\000\040\000v\000s\000\040\000C\000h\000i\000f\000f\000r\000e\000m\000e\000n\000t}{chapter.8}% 98
\BOOKMARK [2][-]{subsection.8.3.1}{\376\377\000C\000h\000i\000f\000f\000r\000e\000m\000e\000n\000t\000\040\000\050\000E\000n\000c\000r\000y\000p\000t\000i\000o\000n\000\051}{section.8.3}% 99
\BOOKMARK [2][-]{subsection.8.3.2}{\376\377\000H\000a\000c\000h\000a\000g\000e\000\040\000\050\000H\000a\000s\000h\000i\000n\000g\000\051}{section.8.3}% 100
\BOOKMARK [1][-]{section.8.4}{\376\377\000L\000e\000\040\000P\000r\000o\000b\000l\000e\000m\000e\000\040\000d\000u\000\040\000H\000a\000c\000h\000a\000g\000e\000\040\000S\000i\000m\000p\000l\000e}{chapter.8}% 101
\BOOKMARK [2][-]{subsection.8.4.1}{\376\377\000P\000r\000o\000b\000l\000e\000m\000e\000\040\000:\000\040\000R\000a\000i\000n\000b\000o\000w\000\040\000T\000a\000b\000l\000e\000s}{section.8.4}% 102
\BOOKMARK [1][-]{section.8.5}{\376\377\000L\000a\000\040\000S\000o\000l\000u\000t\000i\000o\000n\000\040\000:\000\040\000L\000e\000\040\000S\000a\000l\000t\000i\000n\000g}{chapter.8}% 103
\BOOKMARK [1][-]{section.8.6}{\376\377\000B\000c\000r\000y\000p\000t\000\040\000:\000\040\000L\000a\000\040\000S\000o\000l\000u\000t\000i\000o\000n\000\040\000P\000r\000o\000f\000e\000s\000s\000i\000o\000n\000n\000e\000l\000l\000e}{chapter.8}% 104
\BOOKMARK [2][-]{subsection.8.6.1}{\376\377\000F\000o\000n\000c\000t\000i\000o\000n\000n\000e\000m\000e\000n\000t\000\040\000d\000e\000\040\000B\000c\000r\000y\000p\000t}{section.8.6}% 105
\BOOKMARK [2][-]{subsection.8.6.2}{\376\377\000S\000t\000r\000u\000c\000t\000u\000r\000e\000\040\000d\000u\000\040\000H\000a\000s\000h\000\040\000B\000c\000r\000y\000p\000t}{section.8.6}% 106
\BOOKMARK [2][-]{subsection.8.6.3}{\376\377\000S\000a\000l\000t\000\040\000R\000o\000u\000n\000d\000s\000\040\000\050\000C\000o\000u\000t\000\040\000d\000e\000\040\000C\000a\000l\000c\000u\000l\000\051}{section.8.6}% 107
\BOOKMARK [1][-]{section.8.7}{\376\377\000V\000e\000r\000i\000f\000i\000c\000a\000t\000i\000o\000n\000\040\000d\000'\000u\000n\000\040\000M\000o\000t\000\040\000d\000e\000\040\000P\000a\000s\000s\000e}{chapter.8}% 108
\BOOKMARK [1][-]{section.8.8}{\376\377\000I\000m\000p\000l\000e\000m\000e\000n\000t\000a\000t\000i\000o\000n\000\040\000d\000a\000n\000s\000\040\000l\000'\000A\000p\000p\000l\000i\000c\000a\000t\000i\000o\000n}{chapter.8}% 109
\BOOKMARK [1][-]{section.8.9}{\376\377\000B\000o\000n\000n\000e\000s\000\040\000P\000r\000a\000t\000i\000q\000u\000e\000s\000\040\000d\000e\000\040\000S\000e\000c\000u\000r\000i\000t\000e\000\040\000d\000e\000s\000\040\000M\000o\000t\000s\000\040\000d\000e\000\040\000P\000a\000s\000s\000e}{chapter.8}% 110
\BOOKMARK [0][-]{chapter.9}{\376\377\000A\000u\000t\000h\000e\000n\000t\000i\000f\000i\000c\000a\000t\000i\000o\000n\000\040\000J\000W\000T}{}% 111
\BOOKMARK [1][-]{section.9.1}{\376\377\000I\000n\000t\000r\000o\000d\000u\000c\000t\000i\000o\000n\000\040\000a\000\040\000l\000'\000A\000u\000t\000h\000e\000n\000t\000i\000f\000i\000c\000a\000t\000i\000o\000n}{chapter.9}% 112
\BOOKMARK [1][-]{section.9.2}{\376\377\000A\000u\000t\000h\000e\000n\000t\000i\000f\000i\000c\000a\000t\000i\000o\000n\000\040\000v\000s\000\040\000A\000u\000t\000o\000r\000i\000s\000a\000t\000i\000o\000n}{chapter.9}% 113
\BOOKMARK [1][-]{section.9.3}{\376\377\000P\000o\000u\000r\000q\000u\000o\000i\000\040\000J\000W\000T\000\040\000?}{chapter.9}% 114
\BOOKMARK [2][-]{subsection.9.3.1}{\376\377\000A\000u\000t\000h\000e\000n\000t\000i\000f\000i\000c\000a\000t\000i\000o\000n\000\040\000T\000r\000a\000d\000i\000t\000i\000o\000n\000n\000e\000l\000l\000e\000\040\000a\000v\000e\000c\000\040\000S\000e\000s\000s\000i\000o\000n\000s}{section.9.3}% 115
\BOOKMARK [2][-]{subsection.9.3.2}{\376\377\000A\000u\000t\000h\000e\000n\000t\000i\000f\000i\000c\000a\000t\000i\000o\000n\000\040\000S\000t\000a\000t\000e\000l\000e\000s\000s\000\040\000a\000v\000e\000c\000\040\000J\000W\000T}{section.9.3}% 116
\BOOKMARK [1][-]{section.9.4}{\376\377\000S\000t\000r\000u\000c\000t\000u\000r\000e\000\040\000d\000'\000u\000n\000\040\000J\000W\000T}{chapter.9}% 117
\BOOKMARK [2][-]{subsection.9.4.1}{\376\377\000H\000e\000a\000d\000e\000r\000\040\000\050\000E\000n\000-\000t\000e\000t\000e\000\051}{section.9.4}% 118
\BOOKMARK [2][-]{subsection.9.4.2}{\376\377\000P\000a\000y\000l\000o\000a\000d\000\040\000\050\000C\000h\000a\000r\000g\000e\000\040\000U\000t\000i\000l\000e\000\051}{section.9.4}% 119
\BOOKMARK [2][-]{subsection.9.4.3}{\376\377\000S\000i\000g\000n\000a\000t\000u\000r\000e}{section.9.4}% 120
\BOOKMARK [1][-]{section.9.5}{\376\377\000I\000m\000p\000l\000e\000m\000e\000n\000t\000a\000t\000i\000o\000n\000\040\000d\000e\000\040\000l\000a\000\040\000C\000o\000n\000n\000e\000x\000i\000o\000n}{chapter.9}% 121
\BOOKMARK [1][-]{section.9.6}{\376\377\000G\000e\000n\000e\000r\000a\000t\000i\000o\000n\000\040\000d\000u\000\040\000T\000o\000k\000e\000n}{chapter.9}% 122
\BOOKMARK [1][-]{section.9.7}{\376\377\000S\000e\000c\000u\000r\000i\000t\000e\000\040\000d\000e\000\040\000l\000a\000\040\000C\000l\000e\000\040\000S\000e\000c\000r\000e\000t\000e}{chapter.9}% 123
\BOOKMARK [1][-]{section.9.8}{\376\377\000E\000x\000p\000i\000r\000a\000t\000i\000o\000n\000\040\000d\000u\000\040\000T\000o\000k\000e\000n}{chapter.9}% 124
\BOOKMARK [0][-]{chapter.10}{\376\377\000L\000e\000s\000\040\000M\000i\000d\000d\000l\000e\000w\000a\000r\000e\000s\000\040\000E\000x\000p\000r\000e\000s\000s}{}% 125
\BOOKMARK [1][-]{section.10.1}{\376\377\000I\000n\000t\000r\000o\000d\000u\000c\000t\000i\000o\000n\000\040\000a\000u\000x\000\040\000M\000i\000d\000d\000l\000e\000w\000a\000r\000e\000s}{chapter.10}% 126
\BOOKMARK [1][-]{section.10.2}{\376\377\000C\000y\000c\000l\000e\000\040\000d\000e\000\040\000V\000i\000e\000\040\000d\000'\000u\000n\000e\000\040\000R\000e\000q\000u\000e\000t\000e}{chapter.10}% 127
\BOOKMARK [1][-]{section.10.3}{\376\377\000T\000y\000p\000e\000s\000\040\000d\000e\000\040\000M\000i\000d\000d\000l\000e\000w\000a\000r\000e\000s}{chapter.10}% 128
\BOOKMARK [2][-]{subsection.10.3.1}{\376\377\000M\000i\000d\000d\000l\000e\000w\000a\000r\000e\000s\000\040\000a\000u\000\040\000N\000i\000v\000e\000a\000u\000\040\000A\000p\000p\000l\000i\000c\000a\000t\000i\000o\000n}{section.10.3}% 129
\BOOKMARK [2][-]{subsection.10.3.2}{\376\377\000M\000i\000d\000d\000l\000e\000w\000a\000r\000e\000s\000\040\000a\000u\000\040\000N\000i\000v\000e\000a\000u\000\040\000R\000o\000u\000t\000e\000u\000r}{section.10.3}% 130
\BOOKMARK [2][-]{subsection.10.3.3}{\376\377\000M\000i\000d\000d\000l\000e\000w\000a\000r\000e\000s\000\040\000a\000u\000\040\000N\000i\000v\000e\000a\000u\000\040\000R\000o\000u\000t\000e}{section.10.3}% 131
\BOOKMARK [2][-]{subsection.10.3.4}{\376\377\000M\000i\000d\000d\000l\000e\000w\000a\000r\000e\000s\000\040\000d\000e\000\040\000G\000e\000s\000t\000i\000o\000n\000\040\000d\000'\000E\000r\000r\000e\000u\000r\000s}{section.10.3}% 132
\BOOKMARK [1][-]{section.10.4}{\376\377\000M\000i\000d\000d\000l\000e\000w\000a\000r\000e\000\040\000d\000'\000A\000u\000t\000h\000e\000n\000t\000i\000f\000i\000c\000a\000t\000i\000o\000n\000\040\000J\000W\000T}{chapter.10}% 133
\BOOKMARK [1][-]{section.10.5}{\376\377\000M\000i\000d\000d\000l\000e\000w\000a\000r\000e\000\040\000d\000e\000\040\000V\000e\000r\000i\000f\000i\000c\000a\000t\000i\000o\000n\000\040\000d\000e\000s\000\040\000R\000o\000l\000e\000s}{chapter.10}% 134
\BOOKMARK [1][-]{section.10.6}{\376\377\000U\000t\000i\000l\000i\000s\000a\000t\000i\000o\000n\000\040\000d\000e\000s\000\040\000M\000i\000d\000d\000l\000e\000w\000a\000r\000e\000s}{chapter.10}% 135
\BOOKMARK [1][-]{section.10.7}{\376\377\000B\000o\000n\000n\000e\000s\000\040\000P\000r\000a\000t\000i\000q\000u\000e\000s\000\040\000d\000e\000\040\000M\000i\000d\000d\000l\000e\000w\000a\000r\000e\000s}{chapter.10}% 136
\BOOKMARK [0][-]{chapter.11}{\376\377\000R\000o\000u\000t\000e\000s\000\040\000B\000a\000c\000k\000e\000n\000d\000\040\000C\000o\000m\000p\000l\000e\000t\000e\000s}{}% 137
\BOOKMARK [1][-]{section.11.1}{\376\377\000I\000n\000t\000r\000o\000d\000u\000c\000t\000i\000o\000n\000\040\000a\000u\000x\000\040\000R\000o\000u\000t\000e\000s}{chapter.11}% 138
\BOOKMARK [1][-]{section.11.2}{\376\377\000R\000o\000u\000t\000e\000s\000\040\000d\000'\000A\000u\000t\000h\000e\000n\000t\000i\000f\000i\000c\000a\000t\000i\000o\000n}{chapter.11}% 139
\BOOKMARK [2][-]{subsection.11.2.1}{\376\377\000R\000o\000u\000t\000e\000\040\000d\000'\000I\000n\000s\000c\000r\000i\000p\000t\000i\000o\000n}{section.11.2}% 140
\BOOKMARK [2][-]{subsection.11.2.2}{\376\377\000R\000o\000u\000t\000e\000\040\000d\000e\000\040\000C\000o\000n\000n\000e\000x\000i\000o\000n}{section.11.2}% 141
\BOOKMARK [1][-]{section.11.3}{\376\377\000R\000o\000u\000t\000e\000s\000\040\000d\000e\000s\000\040\000B\000l\000o\000g\000s}{chapter.11}% 142
\BOOKMARK [1][-]{section.11.4}{\376\377\000R\000o\000u\000t\000e\000s\000\040\000d\000e\000s\000\040\000C\000o\000m\000m\000e\000n\000t\000a\000i\000r\000e\000s}{chapter.11}% 143
\BOOKMARK [1][-]{section.11.5}{\376\377\000V\000a\000l\000i\000d\000a\000t\000i\000o\000n\000\040\000d\000e\000s\000\040\000D\000o\000n\000n\000e\000e\000s}{chapter.11}% 144
\BOOKMARK [1][-]{section.11.6}{\376\377\000C\000o\000d\000e\000s\000\040\000H\000T\000T\000P}{chapter.11}% 145
\BOOKMARK [0][-]{chapter.12}{\376\377\000P\000r\000e\000v\000e\000n\000t\000i\000o\000n\000\040\000d\000e\000s\000\040\000I\000n\000j\000e\000c\000t\000i\000o\000n\000s\000\040\000S\000Q\000L}{}% 146
\BOOKMARK [1][-]{section.12.1}{\376\377\000Q\000u\000'\000e\000s\000t\000-\000c\000e\000\040\000q\000u\000'\000u\000n\000e\000\040\000I\000n\000j\000e\000c\000t\000i\000o\000n\000\040\000S\000Q\000L\000\040\000?}{chapter.12}% 147
\BOOKMARK [1][-]{section.12.2}{\376\377\000P\000r\000e\000v\000e\000n\000t\000i\000o\000n\000\040\000a\000v\000e\000c\000\040\000P\000a\000r\000a\000m\000e\000t\000r\000e\000s\000\040\000P\000o\000s\000i\000t\000i\000o\000n\000n\000e\000l\000s}{chapter.12}% 148
\BOOKMARK [1][-]{section.12.3}{\376\377\000E\000x\000e\000m\000p\000l\000e\000s\000\040\000d\000e\000\040\000R\000e\000q\000u\000e\000t\000e\000s\000\040\000S\000e\000c\000u\000r\000i\000s\000e\000e\000s}{chapter.12}% 149
\BOOKMARK [0][-]{chapter.13}{\376\377\000G\000e\000s\000t\000i\000o\000n\000\040\000d\000e\000s\000\040\000E\000r\000r\000e\000u\000r\000s}{}% 150
\BOOKMARK [1][-]{section.13.1}{\376\377\000T\000y\000p\000e\000s\000\040\000d\000'\000E\000r\000r\000e\000u\000r\000s}{chapter.13}% 151
\BOOKMARK [2][-]{subsection.13.1.1}{\376\377\000E\000r\000r\000e\000u\000r\000s\000\040\000C\000l\000i\000e\000n\000t\000\040\000\050\0004\000x\000x\000\051}{section.13.1}% 152
\BOOKMARK [2][-]{subsection.13.1.2}{\376\377\000E\000r\000r\000e\000u\000r\000s\000\040\000S\000e\000r\000v\000e\000u\000r\000\040\000\050\0005\000x\000x\000\051}{section.13.1}% 153
\BOOKMARK [1][-]{section.13.2}{\376\377\000T\000r\000y\000-\000C\000a\000t\000c\000h}{chapter.13}% 154
\BOOKMARK [1][-]{section.13.3}{\376\377\000M\000i\000d\000d\000l\000e\000w\000a\000r\000e\000\040\000d\000'\000E\000r\000r\000e\000u\000r\000\040\000G\000l\000o\000b\000a\000l}{chapter.13}% 155
\BOOKMARK [0][-]{chapter.14}{\376\377\000F\000r\000o\000n\000t\000e\000n\000d\000\040\000H\000T\000M\000L\000/\000C\000S\000S\000/\000J\000S}{}% 156
\BOOKMARK [1][-]{section.14.1}{\376\377\000I\000n\000t\000r\000o\000d\000u\000c\000t\000i\000o\000n\000\040\000a\000u\000\040\000F\000r\000o\000n\000t\000e\000n\000d}{chapter.14}% 157
\BOOKMARK [1][-]{section.14.2}{\376\377\000P\000a\000g\000e\000\040\000d\000'\000A\000c\000c\000u\000e\000i\000l\000\040\000\050\000i\000n\000d\000e\000x\000.\000h\000t\000m\000l\000\051}{chapter.14}% 158
\BOOKMARK [1][-]{section.14.3}{\376\377\000P\000a\000g\000e\000\040\000d\000e\000\040\000C\000o\000n\000n\000e\000x\000i\000o\000n\000\040\000\050\000l\000o\000g\000i\000n\000.\000h\000t\000m\000l\000\051}{chapter.14}% 159
\BOOKMARK [1][-]{section.14.4}{\376\377\000J\000a\000v\000a\000S\000c\000r\000i\000p\000t\000\040\000F\000r\000o\000n\000t\000e\000n\000d\000\040\000\050\000a\000p\000p\000.\000j\000s\000\051}{chapter.14}% 160
\BOOKMARK [1][-]{section.14.5}{\376\377\000J\000a\000v\000a\000S\000c\000r\000i\000p\000t\000\040\000d\000e\000\040\000C\000o\000n\000n\000e\000x\000i\000o\000n\000\040\000\050\000l\000o\000g\000i\000n\000.\000j\000s\000\051}{chapter.14}% 161
\BOOKMARK [1][-]{section.14.6}{\376\377\000C\000S\000S\000\040\000\050\000s\000t\000y\000l\000e\000.\000c\000s\000s\000\051}{chapter.14}% 162
\BOOKMARK [1][-]{section.14.7}{\376\377\000D\000O\000M\000,\000\040\000f\000e\000t\000c\000h\000\040\000e\000t\000\040\000g\000e\000s\000t\000i\000o\000n\000\040\000d\000'\000e\000r\000r\000e\000u\000r\000s\000\040\000\050\000t\000r\000y\000/\000c\000a\000t\000c\000h\000\051}{chapter.14}% 163
\BOOKMARK [2][-]{subsection.14.7.1}{\376\377\000N\000o\000t\000i\000o\000n\000s\000\040\000d\000e\000\040\000b\000a\000s\000e\000\040\000d\000u\000\040\000D\000O\000M}{section.14.7}% 164
\BOOKMARK [2][-]{subsection.14.7.2}{\376\377\000U\000t\000i\000l\000i\000s\000a\000t\000i\000o\000n\000\040\000d\000e\000\040\000f\000e\000t\000c\000h\000\040\000a\000v\000e\000c\000\040\000a\000s\000y\000n\000c\000/\000a\000w\000a\000i\000t}{section.14.7}% 165
\BOOKMARK [2][-]{subsection.14.7.3}{\376\377\000P\000O\000S\000T\000\040\000J\000S\000O\000N\000\040\000e\000t\000\040\000e\000n\000t\000e\000t\000e\000s}{section.14.7}% 166
\BOOKMARK [2][-]{subsection.14.7.4}{\376\377\000B\000o\000n\000n\000e\000s\000\040\000p\000r\000a\000t\000i\000q\000u\000e\000s\000\040\000p\000o\000u\000r\000\040\000l\000a\000\040\000g\000e\000s\000t\000i\000o\000n\000\040\000d\000'\000e\000r\000r\000e\000u\000r\000s}{section.14.7}% 167
\BOOKMARK [0][-]{chapter.15}{\376\377\000D\000e\000b\000o\000g\000a\000g\000e\000\040\000e\000t\000\040\000R\000e\000s\000o\000l\000u\000t\000i\000o\000n\000\040\000d\000e\000\040\000P\000r\000o\000b\000l\000e\000m\000e\000s}{}% 168
\BOOKMARK [1][-]{section.15.1}{\376\377\000I\000n\000t\000r\000o\000d\000u\000c\000t\000i\000o\000n\000\040\000a\000u\000\040\000D\000e\000b\000o\000g\000a\000g\000e}{chapter.15}% 169
\BOOKMARK [1][-]{section.15.2}{\376\377\000O\000u\000t\000i\000l\000s\000\040\000d\000e\000\040\000D\000e\000b\000o\000g\000a\000g\000e}{chapter.15}% 170
\BOOKMARK [2][-]{subsection.15.2.1}{\376\377\000c\000o\000n\000s\000o\000l\000e\000.\000l\000o\000g\000\050\000\051}{section.15.2}% 171
\BOOKMARK [2][-]{subsection.15.2.2}{\376\377\000N\000o\000d\000e\000.\000j\000s\000\040\000I\000n\000s\000p\000e\000c\000t\000o\000r}{section.15.2}% 172
\BOOKMARK [2][-]{subsection.15.2.3}{\376\377\000V\000S\000\040\000C\000o\000d\000e\000\040\000D\000e\000b\000u\000g\000g\000e\000r}{section.15.2}% 173
\BOOKMARK [1][-]{section.15.3}{\376\377\000E\000r\000r\000e\000u\000r\000s\000\040\000C\000o\000u\000r\000a\000n\000t\000e\000s\000\040\000N\000o\000d\000e\000.\000j\000s}{chapter.15}% 174
\BOOKMARK [2][-]{subsection.15.3.1}{\376\377\000M\000o\000d\000u\000l\000e\000\040\000N\000o\000t\000\040\000F\000o\000u\000n\000d}{section.15.3}% 175
\BOOKMARK [2][-]{subsection.15.3.2}{\376\377\000E\000A\000D\000D\000R\000I\000N\000U\000S\000E}{section.15.3}% 176
\BOOKMARK [1][-]{section.15.4}{\376\377\000E\000r\000r\000e\000u\000r\000s\000\040\000C\000o\000u\000r\000a\000n\000t\000e\000s\000\040\000P\000o\000s\000t\000g\000r\000e\000S\000Q\000L}{chapter.15}% 177
\BOOKMARK [2][-]{subsection.15.4.1}{\376\377\000C\000o\000n\000n\000e\000c\000t\000i\000o\000n\000\040\000R\000e\000f\000u\000s\000e\000d}{section.15.4}% 178
\BOOKMARK [2][-]{subsection.15.4.2}{\376\377\000P\000a\000s\000s\000w\000o\000r\000d\000\040\000A\000u\000t\000h\000e\000n\000t\000i\000c\000a\000t\000i\000o\000n\000\040\000F\000a\000i\000l\000e\000d}{section.15.4}% 179
\BOOKMARK [1][-]{section.15.5}{\376\377\000S\000t\000r\000a\000t\000e\000g\000i\000e\000\040\000d\000e\000\040\000D\000e\000b\000o\000g\000a\000g\000e}{chapter.15}% 180
\BOOKMARK [0][-]{chapter.16}{\376\377\000D\000e\000p\000l\000o\000i\000e\000m\000e\000n\000t\000\040\000e\000t\000\040\000P\000r\000o\000d\000u\000c\000t\000i\000o\000n}{}% 181
\BOOKMARK [1][-]{section.16.1}{\376\377\000I\000n\000t\000r\000o\000d\000u\000c\000t\000i\000o\000n\000\040\000a\000u\000\040\000D\000e\000p\000l\000o\000i\000e\000m\000e\000n\000t}{chapter.16}% 182
\BOOKMARK [1][-]{section.16.2}{\376\377\000P\000r\000e\000p\000a\000r\000a\000t\000i\000o\000n\000\040\000p\000o\000u\000r\000\040\000l\000a\000\040\000P\000r\000o\000d\000u\000c\000t\000i\000o\000n}{chapter.16}% 183
\BOOKMARK [2][-]{subsection.16.2.1}{\376\377\000V\000a\000r\000i\000a\000b\000l\000e\000s\000\040\000d\000'\000E\000n\000v\000i\000r\000o\000n\000n\000e\000m\000e\000n\000t}{section.16.2}% 184
\BOOKMARK [2][-]{subsection.16.2.2}{\376\377\000N\000O\000D\000E\000\137\000E\000N\000V}{section.16.2}% 185
\BOOKMARK [1][-]{section.16.3}{\376\377\000P\000M\0002\000\040\000-\000\040\000P\000r\000o\000c\000e\000s\000s\000\040\000M\000a\000n\000a\000g\000e\000r}{chapter.16}% 186
\BOOKMARK [2][-]{subsection.16.3.1}{\376\377\000I\000n\000s\000t\000a\000l\000l\000a\000t\000i\000o\000n\000\040\000d\000e\000\040\000P\000M\0002}{section.16.3}% 187
\BOOKMARK [2][-]{subsection.16.3.2}{\376\377\000D\000e\000m\000a\000r\000r\000a\000g\000e\000\040\000a\000v\000e\000c\000\040\000P\000M\0002}{section.16.3}% 188
\BOOKMARK [2][-]{subsection.16.3.3}{\376\377\000C\000o\000m\000m\000a\000n\000d\000e\000s\000\040\000P\000M\0002}{section.16.3}% 189
\BOOKMARK [1][-]{section.16.4}{\376\377\000N\000g\000i\000n\000x\000\040\000-\000\040\000R\000e\000v\000e\000r\000s\000e\000\040\000P\000r\000o\000x\000y}{chapter.16}% 190
\BOOKMARK [2][-]{subsection.16.4.1}{\376\377\000C\000o\000n\000f\000i\000g\000u\000r\000a\000t\000i\000o\000n\000\040\000N\000g\000i\000n\000x}{section.16.4}% 191
\BOOKMARK [1][-]{section.16.5}{\376\377\000H\000T\000T\000P\000S\000\040\000a\000v\000e\000c\000\040\000L\000e\000t\000'\000s\000\040\000E\000n\000c\000r\000y\000p\000t}{chapter.16}% 192
\BOOKMARK [1][-]{section.16.6}{\376\377\000B\000a\000s\000e\000\040\000d\000e\000\040\000D\000o\000n\000n\000e\000e\000s\000\040\000e\000n\000\040\000P\000r\000o\000d\000u\000c\000t\000i\000o\000n}{chapter.16}% 193
\BOOKMARK [0][-]{chapter.17}{\376\377\000B\000o\000n\000n\000e\000s\000\040\000P\000r\000a\000t\000i\000q\000u\000e\000s\000\040\000d\000e\000\040\000D\000e\000v\000e\000l\000o\000p\000p\000e\000m\000e\000n\000t}{}% 194
\BOOKMARK [1][-]{section.17.1}{\376\377\000C\000l\000e\000a\000n\000\040\000C\000o\000d\000e}{chapter.17}% 195
\BOOKMARK [2][-]{subsection.17.1.1}{\376\377\000N\000o\000m\000s\000\040\000D\000e\000s\000c\000r\000i\000p\000t\000i\000f\000s}{section.17.1}% 196
\BOOKMARK [2][-]{subsection.17.1.2}{\376\377\000F\000o\000n\000c\000t\000i\000o\000n\000s\000\040\000C\000o\000u\000r\000t\000e\000s}{section.17.1}% 197
\BOOKMARK [1][-]{section.17.2}{\376\377\000P\000r\000i\000n\000c\000i\000p\000e\000\040\000D\000R\000Y}{chapter.17}% 198
\BOOKMARK [1][-]{section.17.3}{\376\377\000P\000r\000i\000n\000c\000i\000p\000e\000s\000\040\000S\000O\000L\000I\000D}{chapter.17}% 199
\BOOKMARK [1][-]{section.17.4}{\376\377\000V\000a\000l\000i\000d\000a\000t\000i\000o\000n\000\040\000d\000e\000s\000\040\000D\000o\000n\000n\000e\000e\000s}{chapter.17}% 200
\BOOKMARK [1][-]{section.17.5}{\376\377\000G\000e\000s\000t\000i\000o\000n\000\040\000d\000e\000s\000\040\000S\000e\000c\000r\000e\000t\000s}{chapter.17}% 201
\BOOKMARK [1][-]{section.17.6}{\376\377\000D\000o\000c\000u\000m\000e\000n\000t\000a\000t\000i\000o\000n}{chapter.17}% 202
\BOOKMARK [0][-]{chapter.18}{\376\377\000E\000x\000t\000e\000n\000s\000i\000o\000n\000s\000\040\000e\000t\000\040\000A\000m\000e\000l\000i\000o\000r\000a\000t\000i\000o\000n\000s\000\040\000P\000o\000s\000s\000i\000b\000l\000e\000s}{}% 203
\BOOKMARK [1][-]{section.18.1}{\376\377\000I\000n\000t\000r\000o\000d\000u\000c\000t\000i\000o\000n}{chapter.18}% 204
\BOOKMARK [1][-]{section.18.2}{\376\377\000S\000y\000s\000t\000e\000m\000e\000\040\000d\000e\000\040\000L\000i\000k\000e\000s}{chapter.18}% 205
\BOOKMARK [1][-]{section.18.3}{\376\377\000T\000a\000g\000s\000\040\000e\000t\000\040\000C\000a\000t\000e\000g\000o\000r\000i\000e\000s}{chapter.18}% 206
\BOOKMARK [1][-]{section.18.4}{\376\377\000R\000e\000c\000h\000e\000r\000c\000h\000e\000\040\000F\000u\000l\000l\000-\000T\000e\000x\000t}{chapter.18}% 207
\BOOKMARK [1][-]{section.18.5}{\376\377\000P\000a\000g\000i\000n\000a\000t\000i\000o\000n}{chapter.18}% 208
\BOOKMARK [1][-]{section.18.6}{\376\377\000U\000p\000l\000o\000a\000d\000\040\000d\000'\000I\000m\000a\000g\000e\000s}{chapter.18}% 209
\BOOKMARK [1][-]{section.18.7}{\376\377\000N\000o\000t\000i\000f\000i\000c\000a\000t\000i\000o\000n\000s\000\040\000p\000a\000r\000\040\000E\000m\000a\000i\000l}{chapter.18}% 210
\BOOKMARK [1][-]{section.18.8}{\376\377\000R\000e\000f\000r\000e\000s\000h\000\040\000T\000o\000k\000e\000n\000s}{chapter.18}% 211
\BOOKMARK [2][-]{subsection.18.8.1}{\376\377\000P\000o\000u\000r\000q\000u\000o\000i\000\040\000u\000t\000i\000l\000i\000s\000e\000r\000\040\000u\000n\000\040\000r\000e\000f\000r\000e\000s\000h\000\040\000t\000o\000k\000e\000n\000\040\000?}{section.18.8}% 212
\BOOKMARK [2][-]{subsection.18.8.2}{\376\377\000F\000l\000u\000x\000\040\000t\000y\000p\000i\000q\000u\000e}{section.18.8}% 213
\BOOKMARK [1][-]{section.18.9}{\376\377\000R\000a\000t\000e\000\040\000L\000i\000m\000i\000t\000i\000n\000g}{chapter.18}% 214
\BOOKMARK [1][-]{section.18.10}{\376\377\000W\000e\000b\000S\000o\000c\000k\000e\000t\000\040\000p\000o\000u\000r\000\040\000C\000o\000m\000m\000e\000n\000t\000a\000i\000r\000e\000s\000\040\000e\000n\000\040\000T\000e\000m\000p\000s\000\040\000R\000e\000e\000l}{chapter.18}% 215
\BOOKMARK [1][-]{section.18.11}{\376\377\000C\000a\000c\000h\000i\000n\000g\000\040\000a\000v\000e\000c\000\040\000R\000e\000d\000i\000s}{chapter.18}% 216
\BOOKMARK [0][-]{chapter.19}{\376\377\000C\000o\000n\000c\000l\000u\000s\000i\000o\000n}{}% 217
\BOOKMARK [1][-]{section.19.1}{\376\377\000R\000e\000c\000a\000p\000i\000t\000u\000l\000a\000t\000i\000f\000\040\000d\000u\000\040\000P\000r\000o\000j\000e\000t}{chapter.19}% 218
\BOOKMARK [1][-]{section.19.2}{\376\377\000C\000o\000m\000p\000e\000t\000e\000n\000c\000e\000s\000\040\000A\000c\000q\000u\000i\000s\000e\000s}{chapter.19}% 219
\BOOKMARK [2][-]{subsection.19.2.1}{\376\377\000C\000o\000m\000p\000e\000t\000e\000n\000c\000e\000s\000\040\000T\000e\000c\000h\000n\000i\000q\000u\000e\000s}{section.19.2}% 220
\BOOKMARK [2][-]{subsection.19.2.2}{\376\377\000C\000o\000m\000p\000e\000t\000e\000n\000c\000e\000s\000\040\000e\000n\000\040\000S\000e\000c\000u\000r\000i\000t\000e}{section.19.2}% 221
\BOOKMARK [2][-]{subsection.19.2.3}{\376\377\000C\000o\000m\000p\000e\000t\000e\000n\000c\000e\000s\000\040\000e\000n\000\040\000A\000r\000c\000h\000i\000t\000e\000c\000t\000u\000r\000e}{section.19.2}% 222
\BOOKMARK [1][-]{section.19.3}{\376\377\000P\000e\000r\000s\000p\000e\000c\000t\000i\000v\000e\000s\000\040\000d\000'\000A\000v\000e\000n\000i\000r}{chapter.19}% 223
\BOOKMARK [2][-]{subsection.19.3.1}{\376\377\000P\000o\000u\000r\000s\000u\000i\000t\000e\000\040\000d\000e\000\040\000l\000'\000A\000p\000p\000r\000e\000n\000t\000i\000s\000s\000a\000g\000e}{section.19.3}% 224
\BOOKMARK [2][-]{subsection.19.3.2}{\376\377\000A\000m\000e\000l\000i\000o\000r\000a\000t\000i\000o\000n\000s\000\040\000d\000u\000\040\000P\000r\000o\000j\000e\000t}{section.19.3}% 225
\BOOKMARK [1][-]{section.19.4}{\376\377\000C\000o\000n\000c\000l\000u\000s\000i\000o\000n\000\040\000F\000i\000n\000a\000l\000e}{chapter.19}% 226
\BOOKMARK [0][-]{chapter*.2}{\376\377\000B\000i\000b\000l\000i\000o\000g\000r\000a\000p\000h\000i\000e}{}% 227
